// Jest Snapshot v1, https://goo.gl/fbAQLP

exports[`test on <TodoListItem /> should show correctly 1`] = `
<li
  className="flex items-center justify-between px-6 py-2 w-full"
>
  <p
    className="cursor-pointer mx-0"
    onClick={[Function]}
  >
    1
    . 
    Learn React
  </p>
  <button
    className="bg-red-500 shadow-lg shadow-red-500/50 rounded py-1 px-2 mt-3 text-white"
    onClick={[Function]}
  >
    Delete
  </button>
</li>
`;
