// Jest Snapshot v1, https://goo.gl/fbAQLP

exports[`Tests for <HookApp /> should return the component correctly 1`] = `
<Fragment>
  <h1
    className="text-2xl"
  >
    HookApp
  </h1>
</Fragment>
`;
