// Jest Snapshot v1, https://goo.gl/fbAQLP

exports[`Tests on <HomeScreen /> should show correctly 1`] = `
Array [
  <h1>
    HomeScreen
  </h1>,
  <hr />,
  <pre>
    {
   "name": "Jona",
   "email": "patts@gmail.com"
}
  </pre>,
]
`;
